// Jest Snapshot v1, https://goo.gl/fbAQLP

exports[`Test for Frontpage view renders correctly 1`] = `
ShallowWrapper {
  Symbol(enzyme.__root__): [Circular],
  Symbol(enzyme.__unrendered__): <Frontpage />,
  Symbol(enzyme.__renderer__): Object {
    "batchedUpdates": [Function],
    "getNode": [Function],
    "render": [Function],
    "simulateError": [Function],
    "simulateEvent": [Function],
    "unmount": [Function],
  },
  Symbol(enzyme.__node__): Object {
    "instance": null,
    "key": undefined,
    "nodeType": "host",
    "props": Object {
      "children": <Grid
        bsClass="container"
        className="chooseCounty"
        componentClass="div"
        fluid={false}
      >
        <Form
          bsClass="form"
          componentClass="form"
          horizontal={false}
          inline={false}
        >
          <Col
            bsClass="col"
            componentClass="div"
            md={4}
            xs={1}
          />
          <Col
            bsClass="col"
            componentClass="div"
            md={4}
            xs={10}
          >
            <FormGroup
              bsClass="form-group"
            >
              <StateManager
                className="frontpage-county"
                defaultInputValue=""
                defaultMenuIsOpen={false}
                defaultValue={null}
                onChange={[Function]}
                options={
                  Array [
                    Object {
                      "countyId": 1,
                      "label": undefined,
                      "value": 1,
                    },
                  ]
                }
                placeholder="Klikk her for å velge kommune"
              />
            </FormGroup>
            <div
              align="center"
            >
              <Button
                active={false}
                block={false}
                bsClass="btn"
                bsStyle="primary"
                className="frontpage-button"
                disabled={false}
                onClick={[Function]}
              >
                Gå videre!
              </Button>
            </div>
          </Col>
          <Col
            bsClass="col"
            componentClass="div"
            md={4}
            xs={1}
          />
        </Form>
      </Grid>,
      "className": "frontpage",
    },
    "ref": null,
    "rendered": Object {
      "instance": null,
      "key": undefined,
      "nodeType": "class",
      "props": Object {
        "bsClass": "container",
        "children": <Form
          bsClass="form"
          componentClass="form"
          horizontal={false}
          inline={false}
        >
          <Col
            bsClass="col"
            componentClass="div"
            md={4}
            xs={1}
          />
          <Col
            bsClass="col"
            componentClass="div"
            md={4}
            xs={10}
          >
            <FormGroup
              bsClass="form-group"
            >
              <StateManager
                className="frontpage-county"
                defaultInputValue=""
                defaultMenuIsOpen={false}
                defaultValue={null}
                onChange={[Function]}
                options={
                  Array [
                    Object {
                      "countyId": 1,
                      "label": undefined,
                      "value": 1,
                    },
                  ]
                }
                placeholder="Klikk her for å velge kommune"
              />
            </FormGroup>
            <div
              align="center"
            >
              <Button
                active={false}
                block={false}
                bsClass="btn"
                bsStyle="primary"
                className="frontpage-button"
                disabled={false}
                onClick={[Function]}
              >
                Gå videre!
              </Button>
            </div>
          </Col>
          <Col
            bsClass="col"
            componentClass="div"
            md={4}
            xs={1}
          />
        </Form>,
        "className": "chooseCounty",
        "componentClass": "div",
        "fluid": false,
      },
      "ref": null,
      "rendered": Object {
        "instance": null,
        "key": undefined,
        "nodeType": "class",
        "props": Object {
          "bsClass": "form",
          "children": Array [
            <Col
              bsClass="col"
              componentClass="div"
              md={4}
              xs={1}
            />,
            <Col
              bsClass="col"
              componentClass="div"
              md={4}
              xs={10}
            >
              <FormGroup
                bsClass="form-group"
              >
                <StateManager
                  className="frontpage-county"
                  defaultInputValue=""
                  defaultMenuIsOpen={false}
                  defaultValue={null}
                  onChange={[Function]}
                  options={
                    Array [
                      Object {
                        "countyId": 1,
                        "label": undefined,
                        "value": 1,
                      },
                    ]
                  }
                  placeholder="Klikk her for å velge kommune"
                />
              </FormGroup>
              <div
                align="center"
              >
                <Button
                  active={false}
                  block={false}
                  bsClass="btn"
                  bsStyle="primary"
                  className="frontpage-button"
                  disabled={false}
                  onClick={[Function]}
                >
                  Gå videre!
                </Button>
              </div>
            </Col>,
            <Col
              bsClass="col"
              componentClass="div"
              md={4}
              xs={1}
            />,
          ],
          "componentClass": "form",
          "horizontal": false,
          "inline": false,
        },
        "ref": null,
        "rendered": Array [
          Object {
            "instance": null,
            "key": undefined,
            "nodeType": "class",
            "props": Object {
              "bsClass": "col",
              "componentClass": "div",
              "md": 4,
              "xs": 1,
            },
            "ref": null,
            "rendered": null,
            "type": [Function],
          },
          Object {
            "instance": null,
            "key": undefined,
            "nodeType": "class",
            "props": Object {
              "bsClass": "col",
              "children": Array [
                <FormGroup
                  bsClass="form-group"
                >
                  <StateManager
                    className="frontpage-county"
                    defaultInputValue=""
                    defaultMenuIsOpen={false}
                    defaultValue={null}
                    onChange={[Function]}
                    options={
                      Array [
                        Object {
                          "countyId": 1,
                          "label": undefined,
                          "value": 1,
                        },
                      ]
                    }
                    placeholder="Klikk her for å velge kommune"
                  />
                </FormGroup>,
                <div
                  align="center"
                >
                  <Button
                    active={false}
                    block={false}
                    bsClass="btn"
                    bsStyle="primary"
                    className="frontpage-button"
                    disabled={false}
                    onClick={[Function]}
                  >
                    Gå videre!
                  </Button>
                </div>,
              ],
              "componentClass": "div",
              "md": 4,
              "xs": 10,
            },
            "ref": null,
            "rendered": Array [
              Object {
                "instance": null,
                "key": undefined,
                "nodeType": "class",
                "props": Object {
                  "bsClass": "form-group",
                  "children": <StateManager
                    className="frontpage-county"
                    defaultInputValue=""
                    defaultMenuIsOpen={false}
                    defaultValue={null}
                    onChange={[Function]}
                    options={
                      Array [
                        Object {
                          "countyId": 1,
                          "label": undefined,
                          "value": 1,
                        },
                      ]
                    }
                    placeholder="Klikk her for å velge kommune"
                  />,
                },
                "ref": null,
                "rendered": Object {
                  "instance": null,
                  "key": undefined,
                  "nodeType": "class",
                  "props": Object {
                    "className": "frontpage-county",
                    "defaultInputValue": "",
                    "defaultMenuIsOpen": false,
                    "defaultValue": null,
                    "onChange": [Function],
                    "options": Array [
                      Object {
                        "countyId": 1,
                        "label": undefined,
                        "value": 1,
                      },
                    ],
                    "placeholder": "Klikk her for å velge kommune",
                  },
                  "ref": null,
                  "rendered": null,
                  "type": [Function],
                },
                "type": [Function],
              },
              Object {
                "instance": null,
                "key": undefined,
                "nodeType": "host",
                "props": Object {
                  "align": "center",
                  "children": <Button
                    active={false}
                    block={false}
                    bsClass="btn"
                    bsStyle="primary"
                    className="frontpage-button"
                    disabled={false}
                    onClick={[Function]}
                  >
                    Gå videre!
                  </Button>,
                },
                "ref": null,
                "rendered": Object {
                  "instance": null,
                  "key": undefined,
                  "nodeType": "class",
                  "props": Object {
                    "active": false,
                    "block": false,
                    "bsClass": "btn",
                    "bsStyle": "primary",
                    "children": "Gå videre!",
                    "className": "frontpage-button",
                    "disabled": false,
                    "onClick": [Function],
                  },
                  "ref": null,
                  "rendered": "Gå videre!",
                  "type": [Function],
                },
                "type": "div",
              },
            ],
            "type": [Function],
          },
          Object {
            "instance": null,
            "key": undefined,
            "nodeType": "class",
            "props": Object {
              "bsClass": "col",
              "componentClass": "div",
              "md": 4,
              "xs": 1,
            },
            "ref": null,
            "rendered": null,
            "type": [Function],
          },
        ],
        "type": [Function],
      },
      "type": [Function],
    },
    "type": "div",
  },
  Symbol(enzyme.__nodes__): Array [
    Object {
      "instance": null,
      "key": undefined,
      "nodeType": "host",
      "props": Object {
        "children": <Grid
          bsClass="container"
          className="chooseCounty"
          componentClass="div"
          fluid={false}
        >
          <Form
            bsClass="form"
            componentClass="form"
            horizontal={false}
            inline={false}
          >
            <Col
              bsClass="col"
              componentClass="div"
              md={4}
              xs={1}
            />
            <Col
              bsClass="col"
              componentClass="div"
              md={4}
              xs={10}
            >
              <FormGroup
                bsClass="form-group"
              >
                <StateManager
                  className="frontpage-county"
                  defaultInputValue=""
                  defaultMenuIsOpen={false}
                  defaultValue={null}
                  onChange={[Function]}
                  options={
                    Array [
                      Object {
                        "countyId": 1,
                        "label": undefined,
                        "value": 1,
                      },
                    ]
                  }
                  placeholder="Klikk her for å velge kommune"
                />
              </FormGroup>
              <div
                align="center"
              >
                <Button
                  active={false}
                  block={false}
                  bsClass="btn"
                  bsStyle="primary"
                  className="frontpage-button"
                  disabled={false}
                  onClick={[Function]}
                >
                  Gå videre!
                </Button>
              </div>
            </Col>
            <Col
              bsClass="col"
              componentClass="div"
              md={4}
              xs={1}
            />
          </Form>
        </Grid>,
        "className": "frontpage",
      },
      "ref": null,
      "rendered": Object {
        "instance": null,
        "key": undefined,
        "nodeType": "class",
        "props": Object {
          "bsClass": "container",
          "children": <Form
            bsClass="form"
            componentClass="form"
            horizontal={false}
            inline={false}
          >
            <Col
              bsClass="col"
              componentClass="div"
              md={4}
              xs={1}
            />
            <Col
              bsClass="col"
              componentClass="div"
              md={4}
              xs={10}
            >
              <FormGroup
                bsClass="form-group"
              >
                <StateManager
                  className="frontpage-county"
                  defaultInputValue=""
                  defaultMenuIsOpen={false}
                  defaultValue={null}
                  onChange={[Function]}
                  options={
                    Array [
                      Object {
                        "countyId": 1,
                        "label": undefined,
                        "value": 1,
                      },
                    ]
                  }
                  placeholder="Klikk her for å velge kommune"
                />
              </FormGroup>
              <div
                align="center"
              >
                <Button
                  active={false}
                  block={false}
                  bsClass="btn"
                  bsStyle="primary"
                  className="frontpage-button"
                  disabled={false}
                  onClick={[Function]}
                >
                  Gå videre!
                </Button>
              </div>
            </Col>
            <Col
              bsClass="col"
              componentClass="div"
              md={4}
              xs={1}
            />
          </Form>,
          "className": "chooseCounty",
          "componentClass": "div",
          "fluid": false,
        },
        "ref": null,
        "rendered": Object {
          "instance": null,
          "key": undefined,
          "nodeType": "class",
          "props": Object {
            "bsClass": "form",
            "children": Array [
              <Col
                bsClass="col"
                componentClass="div"
                md={4}
                xs={1}
              />,
              <Col
                bsClass="col"
                componentClass="div"
                md={4}
                xs={10}
              >
                <FormGroup
                  bsClass="form-group"
                >
                  <StateManager
                    className="frontpage-county"
                    defaultInputValue=""
                    defaultMenuIsOpen={false}
                    defaultValue={null}
                    onChange={[Function]}
                    options={
                      Array [
                        Object {
                          "countyId": 1,
                          "label": undefined,
                          "value": 1,
                        },
                      ]
                    }
                    placeholder="Klikk her for å velge kommune"
                  />
                </FormGroup>
                <div
                  align="center"
                >
                  <Button
                    active={false}
                    block={false}
                    bsClass="btn"
                    bsStyle="primary"
                    className="frontpage-button"
                    disabled={false}
                    onClick={[Function]}
                  >
                    Gå videre!
                  </Button>
                </div>
              </Col>,
              <Col
                bsClass="col"
                componentClass="div"
                md={4}
                xs={1}
              />,
            ],
            "componentClass": "form",
            "horizontal": false,
            "inline": false,
          },
          "ref": null,
          "rendered": Array [
            Object {
              "instance": null,
              "key": undefined,
              "nodeType": "class",
              "props": Object {
                "bsClass": "col",
                "componentClass": "div",
                "md": 4,
                "xs": 1,
              },
              "ref": null,
              "rendered": null,
              "type": [Function],
            },
            Object {
              "instance": null,
              "key": undefined,
              "nodeType": "class",
              "props": Object {
                "bsClass": "col",
                "children": Array [
                  <FormGroup
                    bsClass="form-group"
                  >
                    <StateManager
                      className="frontpage-county"
                      defaultInputValue=""
                      defaultMenuIsOpen={false}
                      defaultValue={null}
                      onChange={[Function]}
                      options={
                        Array [
                          Object {
                            "countyId": 1,
                            "label": undefined,
                            "value": 1,
                          },
                        ]
                      }
                      placeholder="Klikk her for å velge kommune"
                    />
                  </FormGroup>,
                  <div
                    align="center"
                  >
                    <Button
                      active={false}
                      block={false}
                      bsClass="btn"
                      bsStyle="primary"
                      className="frontpage-button"
                      disabled={false}
                      onClick={[Function]}
                    >
                      Gå videre!
                    </Button>
                  </div>,
                ],
                "componentClass": "div",
                "md": 4,
                "xs": 10,
              },
              "ref": null,
              "rendered": Array [
                Object {
                  "instance": null,
                  "key": undefined,
                  "nodeType": "class",
                  "props": Object {
                    "bsClass": "form-group",
                    "children": <StateManager
                      className="frontpage-county"
                      defaultInputValue=""
                      defaultMenuIsOpen={false}
                      defaultValue={null}
                      onChange={[Function]}
                      options={
                        Array [
                          Object {
                            "countyId": 1,
                            "label": undefined,
                            "value": 1,
                          },
                        ]
                      }
                      placeholder="Klikk her for å velge kommune"
                    />,
                  },
                  "ref": null,
                  "rendered": Object {
                    "instance": null,
                    "key": undefined,
                    "nodeType": "class",
                    "props": Object {
                      "className": "frontpage-county",
                      "defaultInputValue": "",
                      "defaultMenuIsOpen": false,
                      "defaultValue": null,
                      "onChange": [Function],
                      "options": Array [
                        Object {
                          "countyId": 1,
                          "label": undefined,
                          "value": 1,
                        },
                      ],
                      "placeholder": "Klikk her for å velge kommune",
                    },
                    "ref": null,
                    "rendered": null,
                    "type": [Function],
                  },
                  "type": [Function],
                },
                Object {
                  "instance": null,
                  "key": undefined,
                  "nodeType": "host",
                  "props": Object {
                    "align": "center",
                    "children": <Button
                      active={false}
                      block={false}
                      bsClass="btn"
                      bsStyle="primary"
                      className="frontpage-button"
                      disabled={false}
                      onClick={[Function]}
                    >
                      Gå videre!
                    </Button>,
                  },
                  "ref": null,
                  "rendered": Object {
                    "instance": null,
                    "key": undefined,
                    "nodeType": "class",
                    "props": Object {
                      "active": false,
                      "block": false,
                      "bsClass": "btn",
                      "bsStyle": "primary",
                      "children": "Gå videre!",
                      "className": "frontpage-button",
                      "disabled": false,
                      "onClick": [Function],
                    },
                    "ref": null,
                    "rendered": "Gå videre!",
                    "type": [Function],
                  },
                  "type": "div",
                },
              ],
              "type": [Function],
            },
            Object {
              "instance": null,
              "key": undefined,
              "nodeType": "class",
              "props": Object {
                "bsClass": "col",
                "componentClass": "div",
                "md": 4,
                "xs": 1,
              },
              "ref": null,
              "rendered": null,
              "type": [Function],
            },
          ],
          "type": [Function],
        },
        "type": [Function],
      },
      "type": "div",
    },
  ],
  Symbol(enzyme.__options__): Object {
    "adapter": ReactSixteenAdapter {
      "options": Object {
        "enableComponentDidUpdateOnSetState": true,
        "lifecycles": Object {
          "componentDidUpdate": Object {
            "onSetState": true,
          },
          "getDerivedStateFromProps": true,
          "getSnapshotBeforeUpdate": true,
          "setState": Object {
            "skipsComponentDidUpdateOnNullish": true,
          },
        },
      },
    },
  },
}
`;
