// Jest Snapshot v1, https://goo.gl/fbAQLP

exports[`Test for MineSaker view renders correctly 1`] = `
ShallowWrapper {
  Symbol(enzyme.__root__): [Circular],
  Symbol(enzyme.__unrendered__): <MineSaker />,
  Symbol(enzyme.__renderer__): Object {
    "batchedUpdates": [Function],
    "getNode": [Function],
    "render": [Function],
    "simulateError": [Function],
    "simulateEvent": [Function],
    "unmount": [Function],
  },
  Symbol(enzyme.__node__): Object {
    "instance": null,
    "key": undefined,
    "nodeType": "host",
    "props": Object {
      "children": <Grid
        bsClass="container"
        componentClass="div"
        fluid={false}
      >
        <PageHeader
          title="Mine saker"
        />
        <Table
          bordered={false}
          bsClass="table"
          condensed={false}
          hover={false}
          responsive={false}
          striped={false}
        >
          <thead>
            <tr>
              <th>
                Beskrivelse
              </th>
              <th>
                Kategori
              </th>
              <th>
                Status
              </th>
              <th>
                Endre
              </th>
            </tr>
          </thead>
          <tbody />
        </Table>
      </Grid>,
      "className": "bottomFooter",
    },
    "ref": null,
    "rendered": Object {
      "instance": null,
      "key": undefined,
      "nodeType": "class",
      "props": Object {
        "bsClass": "container",
        "children": Array [
          <PageHeader
            title="Mine saker"
          />,
          <Table
            bordered={false}
            bsClass="table"
            condensed={false}
            hover={false}
            responsive={false}
            striped={false}
          >
            <thead>
              <tr>
                <th>
                  Beskrivelse
                </th>
                <th>
                  Kategori
                </th>
                <th>
                  Status
                </th>
                <th>
                  Endre
                </th>
              </tr>
            </thead>
            <tbody />
          </Table>,
        ],
        "componentClass": "div",
        "fluid": false,
      },
      "ref": null,
      "rendered": Array [
        Object {
          "instance": null,
          "key": undefined,
          "nodeType": "class",
          "props": Object {
            "title": "Mine saker",
          },
          "ref": null,
          "rendered": null,
          "type": [Function],
        },
        Object {
          "instance": null,
          "key": undefined,
          "nodeType": "class",
          "props": Object {
            "bordered": false,
            "bsClass": "table",
            "children": Array [
              <thead>
                <tr>
                  <th>
                    Beskrivelse
                  </th>
                  <th>
                    Kategori
                  </th>
                  <th>
                    Status
                  </th>
                  <th>
                    Endre
                  </th>
                </tr>
              </thead>,
              <tbody />,
            ],
            "condensed": false,
            "hover": false,
            "responsive": false,
            "striped": false,
          },
          "ref": null,
          "rendered": Array [
            Object {
              "instance": null,
              "key": undefined,
              "nodeType": "host",
              "props": Object {
                "children": <tr>
                  <th>
                    Beskrivelse
                  </th>
                  <th>
                    Kategori
                  </th>
                  <th>
                    Status
                  </th>
                  <th>
                    Endre
                  </th>
                </tr>,
              },
              "ref": null,
              "rendered": Object {
                "instance": null,
                "key": undefined,
                "nodeType": "host",
                "props": Object {
                  "children": Array [
                    <th>
                      Beskrivelse
                    </th>,
                    <th>
                      Kategori
                    </th>,
                    <th>
                      Status
                    </th>,
                    <th>
                      Endre
                    </th>,
                  ],
                },
                "ref": null,
                "rendered": Array [
                  Object {
                    "instance": null,
                    "key": undefined,
                    "nodeType": "host",
                    "props": Object {
                      "children": "Beskrivelse",
                    },
                    "ref": null,
                    "rendered": "Beskrivelse",
                    "type": "th",
                  },
                  Object {
                    "instance": null,
                    "key": undefined,
                    "nodeType": "host",
                    "props": Object {
                      "children": "Kategori",
                    },
                    "ref": null,
                    "rendered": "Kategori",
                    "type": "th",
                  },
                  Object {
                    "instance": null,
                    "key": undefined,
                    "nodeType": "host",
                    "props": Object {
                      "children": "Status",
                    },
                    "ref": null,
                    "rendered": "Status",
                    "type": "th",
                  },
                  Object {
                    "instance": null,
                    "key": undefined,
                    "nodeType": "host",
                    "props": Object {
                      "children": "Endre",
                    },
                    "ref": null,
                    "rendered": "Endre",
                    "type": "th",
                  },
                ],
                "type": "tr",
              },
              "type": "thead",
            },
            Object {
              "instance": null,
              "key": undefined,
              "nodeType": "host",
              "props": Object {
                "children": Array [],
              },
              "ref": null,
              "rendered": Array [],
              "type": "tbody",
            },
          ],
          "type": [Function],
        },
      ],
      "type": [Function],
    },
    "type": "div",
  },
  Symbol(enzyme.__nodes__): Array [
    Object {
      "instance": null,
      "key": undefined,
      "nodeType": "host",
      "props": Object {
        "children": <Grid
          bsClass="container"
          componentClass="div"
          fluid={false}
        >
          <PageHeader
            title="Mine saker"
          />
          <Table
            bordered={false}
            bsClass="table"
            condensed={false}
            hover={false}
            responsive={false}
            striped={false}
          >
            <thead>
              <tr>
                <th>
                  Beskrivelse
                </th>
                <th>
                  Kategori
                </th>
                <th>
                  Status
                </th>
                <th>
                  Endre
                </th>
              </tr>
            </thead>
            <tbody />
          </Table>
        </Grid>,
        "className": "bottomFooter",
      },
      "ref": null,
      "rendered": Object {
        "instance": null,
        "key": undefined,
        "nodeType": "class",
        "props": Object {
          "bsClass": "container",
          "children": Array [
            <PageHeader
              title="Mine saker"
            />,
            <Table
              bordered={false}
              bsClass="table"
              condensed={false}
              hover={false}
              responsive={false}
              striped={false}
            >
              <thead>
                <tr>
                  <th>
                    Beskrivelse
                  </th>
                  <th>
                    Kategori
                  </th>
                  <th>
                    Status
                  </th>
                  <th>
                    Endre
                  </th>
                </tr>
              </thead>
              <tbody />
            </Table>,
          ],
          "componentClass": "div",
          "fluid": false,
        },
        "ref": null,
        "rendered": Array [
          Object {
            "instance": null,
            "key": undefined,
            "nodeType": "class",
            "props": Object {
              "title": "Mine saker",
            },
            "ref": null,
            "rendered": null,
            "type": [Function],
          },
          Object {
            "instance": null,
            "key": undefined,
            "nodeType": "class",
            "props": Object {
              "bordered": false,
              "bsClass": "table",
              "children": Array [
                <thead>
                  <tr>
                    <th>
                      Beskrivelse
                    </th>
                    <th>
                      Kategori
                    </th>
                    <th>
                      Status
                    </th>
                    <th>
                      Endre
                    </th>
                  </tr>
                </thead>,
                <tbody />,
              ],
              "condensed": false,
              "hover": false,
              "responsive": false,
              "striped": false,
            },
            "ref": null,
            "rendered": Array [
              Object {
                "instance": null,
                "key": undefined,
                "nodeType": "host",
                "props": Object {
                  "children": <tr>
                    <th>
                      Beskrivelse
                    </th>
                    <th>
                      Kategori
                    </th>
                    <th>
                      Status
                    </th>
                    <th>
                      Endre
                    </th>
                  </tr>,
                },
                "ref": null,
                "rendered": Object {
                  "instance": null,
                  "key": undefined,
                  "nodeType": "host",
                  "props": Object {
                    "children": Array [
                      <th>
                        Beskrivelse
                      </th>,
                      <th>
                        Kategori
                      </th>,
                      <th>
                        Status
                      </th>,
                      <th>
                        Endre
                      </th>,
                    ],
                  },
                  "ref": null,
                  "rendered": Array [
                    Object {
                      "instance": null,
                      "key": undefined,
                      "nodeType": "host",
                      "props": Object {
                        "children": "Beskrivelse",
                      },
                      "ref": null,
                      "rendered": "Beskrivelse",
                      "type": "th",
                    },
                    Object {
                      "instance": null,
                      "key": undefined,
                      "nodeType": "host",
                      "props": Object {
                        "children": "Kategori",
                      },
                      "ref": null,
                      "rendered": "Kategori",
                      "type": "th",
                    },
                    Object {
                      "instance": null,
                      "key": undefined,
                      "nodeType": "host",
                      "props": Object {
                        "children": "Status",
                      },
                      "ref": null,
                      "rendered": "Status",
                      "type": "th",
                    },
                    Object {
                      "instance": null,
                      "key": undefined,
                      "nodeType": "host",
                      "props": Object {
                        "children": "Endre",
                      },
                      "ref": null,
                      "rendered": "Endre",
                      "type": "th",
                    },
                  ],
                  "type": "tr",
                },
                "type": "thead",
              },
              Object {
                "instance": null,
                "key": undefined,
                "nodeType": "host",
                "props": Object {
                  "children": Array [],
                },
                "ref": null,
                "rendered": Array [],
                "type": "tbody",
              },
            ],
            "type": [Function],
          },
        ],
        "type": [Function],
      },
      "type": "div",
    },
  ],
  Symbol(enzyme.__options__): Object {
    "adapter": ReactSixteenAdapter {
      "options": Object {
        "enableComponentDidUpdateOnSetState": true,
        "lifecycles": Object {
          "componentDidUpdate": Object {
            "onSetState": true,
          },
          "getDerivedStateFromProps": true,
          "getSnapshotBeforeUpdate": true,
          "setState": Object {
            "skipsComponentDidUpdateOnNullish": true,
          },
        },
      },
    },
  },
}
`;
