// Jest Snapshot v1, https://goo.gl/fbAQLP

exports[`Test for CategorySelectList component renders correctly 1`] = `
ShallowWrapper {
  Symbol(enzyme.__root__): [Circular],
  Symbol(enzyme.__unrendered__): <CategorySelectList />,
  Symbol(enzyme.__renderer__): Object {
    "batchedUpdates": [Function],
    "getNode": [Function],
    "render": [Function],
    "simulateError": [Function],
    "simulateEvent": [Function],
    "unmount": [Function],
  },
  Symbol(enzyme.__node__): Object {
    "instance": null,
    "key": undefined,
    "nodeType": "class",
    "props": Object {
      "className": "basic",
      "classNamePrefix": "select",
      "defaultInputValue": "",
      "defaultMenuIsOpen": false,
      "defaultValue": null,
      "name": "colors",
      "onChange": [Function],
      "options": Array [
        Object {
          "label": undefined,
          "value": undefined,
        },
      ],
      "placeholder": "Kategorier",
    },
    "ref": null,
    "rendered": null,
    "type": [Function],
  },
  Symbol(enzyme.__nodes__): Array [
    Object {
      "instance": null,
      "key": undefined,
      "nodeType": "class",
      "props": Object {
        "className": "basic",
        "classNamePrefix": "select",
        "defaultInputValue": "",
        "defaultMenuIsOpen": false,
        "defaultValue": null,
        "name": "colors",
        "onChange": [Function],
        "options": Array [
          Object {
            "label": undefined,
            "value": undefined,
          },
        ],
        "placeholder": "Kategorier",
      },
      "ref": null,
      "rendered": null,
      "type": [Function],
    },
  ],
  Symbol(enzyme.__options__): Object {
    "adapter": ReactSixteenAdapter {
      "options": Object {
        "enableComponentDidUpdateOnSetState": true,
        "lifecycles": Object {
          "componentDidUpdate": Object {
            "onSetState": true,
          },
          "getDerivedStateFromProps": true,
          "getSnapshotBeforeUpdate": true,
          "setState": Object {
            "skipsComponentDidUpdateOnNullish": true,
          },
        },
      },
    },
  },
}
`;
