// Jest Snapshot v1, https://goo.gl/fbAQLP

exports[`Test for ChangePassword component renders correctly 1`] = `
ShallowWrapper {
  Symbol(enzyme.__root__): [Circular],
  Symbol(enzyme.__unrendered__): <ChangePassword />,
  Symbol(enzyme.__renderer__): Object {
    "batchedUpdates": [Function],
    "getNode": [Function],
    "render": [Function],
    "simulateError": [Function],
    "simulateEvent": [Function],
    "unmount": [Function],
  },
  Symbol(enzyme.__node__): Object {
    "instance": null,
    "key": undefined,
    "nodeType": "host",
    "props": Object {
      "children": <Form
        bsClass="form"
        componentClass="form"
        horizontal={false}
        inline={false}
      >
        <FormGroup
          bsClass="form-group"
          controlId="formInlineToPassword"
        >
          <ControlLabel
            bsClass="control-label"
            srOnly={false}
          >
            Gammelt passord
          </ControlLabel>
           
          <FormControl
            bsClass="form-control"
            componentClass="input"
            name="oldPassword"
            onChange={[Function]}
            placeholder="passord"
            type="password"
          />
        </FormGroup>
         
        <FormGroup
          bsClass="form-group"
          controlId="formInlineToPassword"
        >
          <ControlLabel
            bsClass="control-label"
            srOnly={false}
          >
            Nytt passord
          </ControlLabel>
           
          <FormControl
            bsClass="form-control"
            componentClass="input"
            name="newPassword"
            onChange={[Function]}
            placeholder="nytt passord"
            type="password"
          />
        </FormGroup>
         
        <FormGroup
          bsClass="form-group"
          controlId="formInlineToPassword"
        >
          <ControlLabel
            bsClass="control-label"
            srOnly={false}
          >
            Gjenta nytt passord
          </ControlLabel>
           
          <FormControl
            bsClass="form-control"
            componentClass="input"
            name="newPassword2"
            onChange={[Function]}
            placeholder="nytt passord"
            type="password"
          />
        </FormGroup>
         
        <div
          align="right"
        >
          <Button
            active={false}
            block={false}
            bsClass="btn"
            bsStyle="primary"
            disabled={false}
            onClick={[Function]}
          >
            Lagre nytt passord
          </Button>
        </div>
      </Form>,
      "className": "changePassword",
    },
    "ref": null,
    "rendered": Object {
      "instance": null,
      "key": undefined,
      "nodeType": "class",
      "props": Object {
        "bsClass": "form",
        "children": Array [
          <FormGroup
            bsClass="form-group"
            controlId="formInlineToPassword"
          >
            <ControlLabel
              bsClass="control-label"
              srOnly={false}
            >
              Gammelt passord
            </ControlLabel>
             
            <FormControl
              bsClass="form-control"
              componentClass="input"
              name="oldPassword"
              onChange={[Function]}
              placeholder="passord"
              type="password"
            />
          </FormGroup>,
          " ",
          <FormGroup
            bsClass="form-group"
            controlId="formInlineToPassword"
          >
            <ControlLabel
              bsClass="control-label"
              srOnly={false}
            >
              Nytt passord
            </ControlLabel>
             
            <FormControl
              bsClass="form-control"
              componentClass="input"
              name="newPassword"
              onChange={[Function]}
              placeholder="nytt passord"
              type="password"
            />
          </FormGroup>,
          " ",
          <FormGroup
            bsClass="form-group"
            controlId="formInlineToPassword"
          >
            <ControlLabel
              bsClass="control-label"
              srOnly={false}
            >
              Gjenta nytt passord
            </ControlLabel>
             
            <FormControl
              bsClass="form-control"
              componentClass="input"
              name="newPassword2"
              onChange={[Function]}
              placeholder="nytt passord"
              type="password"
            />
          </FormGroup>,
          " ",
          <div
            align="right"
          >
            <Button
              active={false}
              block={false}
              bsClass="btn"
              bsStyle="primary"
              disabled={false}
              onClick={[Function]}
            >
              Lagre nytt passord
            </Button>
          </div>,
        ],
        "componentClass": "form",
        "horizontal": false,
        "inline": false,
      },
      "ref": null,
      "rendered": Array [
        Object {
          "instance": null,
          "key": undefined,
          "nodeType": "class",
          "props": Object {
            "bsClass": "form-group",
            "children": Array [
              <ControlLabel
                bsClass="control-label"
                srOnly={false}
              >
                Gammelt passord
              </ControlLabel>,
              " ",
              <FormControl
                bsClass="form-control"
                componentClass="input"
                name="oldPassword"
                onChange={[Function]}
                placeholder="passord"
                type="password"
              />,
            ],
            "controlId": "formInlineToPassword",
          },
          "ref": null,
          "rendered": Array [
            Object {
              "instance": null,
              "key": undefined,
              "nodeType": "class",
              "props": Object {
                "bsClass": "control-label",
                "children": "Gammelt passord",
                "srOnly": false,
              },
              "ref": null,
              "rendered": "Gammelt passord",
              "type": [Function],
            },
            " ",
            Object {
              "instance": null,
              "key": undefined,
              "nodeType": "class",
              "props": Object {
                "bsClass": "form-control",
                "componentClass": "input",
                "name": "oldPassword",
                "onChange": [Function],
                "placeholder": "passord",
                "type": "password",
              },
              "ref": null,
              "rendered": null,
              "type": [Function],
            },
          ],
          "type": [Function],
        },
        " ",
        Object {
          "instance": null,
          "key": undefined,
          "nodeType": "class",
          "props": Object {
            "bsClass": "form-group",
            "children": Array [
              <ControlLabel
                bsClass="control-label"
                srOnly={false}
              >
                Nytt passord
              </ControlLabel>,
              " ",
              <FormControl
                bsClass="form-control"
                componentClass="input"
                name="newPassword"
                onChange={[Function]}
                placeholder="nytt passord"
                type="password"
              />,
            ],
            "controlId": "formInlineToPassword",
          },
          "ref": null,
          "rendered": Array [
            Object {
              "instance": null,
              "key": undefined,
              "nodeType": "class",
              "props": Object {
                "bsClass": "control-label",
                "children": "Nytt passord",
                "srOnly": false,
              },
              "ref": null,
              "rendered": "Nytt passord",
              "type": [Function],
            },
            " ",
            Object {
              "instance": null,
              "key": undefined,
              "nodeType": "class",
              "props": Object {
                "bsClass": "form-control",
                "componentClass": "input",
                "name": "newPassword",
                "onChange": [Function],
                "placeholder": "nytt passord",
                "type": "password",
              },
              "ref": null,
              "rendered": null,
              "type": [Function],
            },
          ],
          "type": [Function],
        },
        " ",
        Object {
          "instance": null,
          "key": undefined,
          "nodeType": "class",
          "props": Object {
            "bsClass": "form-group",
            "children": Array [
              <ControlLabel
                bsClass="control-label"
                srOnly={false}
              >
                Gjenta nytt passord
              </ControlLabel>,
              " ",
              <FormControl
                bsClass="form-control"
                componentClass="input"
                name="newPassword2"
                onChange={[Function]}
                placeholder="nytt passord"
                type="password"
              />,
            ],
            "controlId": "formInlineToPassword",
          },
          "ref": null,
          "rendered": Array [
            Object {
              "instance": null,
              "key": undefined,
              "nodeType": "class",
              "props": Object {
                "bsClass": "control-label",
                "children": "Gjenta nytt passord",
                "srOnly": false,
              },
              "ref": null,
              "rendered": "Gjenta nytt passord",
              "type": [Function],
            },
            " ",
            Object {
              "instance": null,
              "key": undefined,
              "nodeType": "class",
              "props": Object {
                "bsClass": "form-control",
                "componentClass": "input",
                "name": "newPassword2",
                "onChange": [Function],
                "placeholder": "nytt passord",
                "type": "password",
              },
              "ref": null,
              "rendered": null,
              "type": [Function],
            },
          ],
          "type": [Function],
        },
        " ",
        Object {
          "instance": null,
          "key": undefined,
          "nodeType": "host",
          "props": Object {
            "align": "right",
            "children": <Button
              active={false}
              block={false}
              bsClass="btn"
              bsStyle="primary"
              disabled={false}
              onClick={[Function]}
            >
              Lagre nytt passord
            </Button>,
          },
          "ref": null,
          "rendered": Object {
            "instance": null,
            "key": undefined,
            "nodeType": "class",
            "props": Object {
              "active": false,
              "block": false,
              "bsClass": "btn",
              "bsStyle": "primary",
              "children": "Lagre nytt passord",
              "disabled": false,
              "onClick": [Function],
            },
            "ref": null,
            "rendered": "Lagre nytt passord",
            "type": [Function],
          },
          "type": "div",
        },
      ],
      "type": [Function],
    },
    "type": "div",
  },
  Symbol(enzyme.__nodes__): Array [
    Object {
      "instance": null,
      "key": undefined,
      "nodeType": "host",
      "props": Object {
        "children": <Form
          bsClass="form"
          componentClass="form"
          horizontal={false}
          inline={false}
        >
          <FormGroup
            bsClass="form-group"
            controlId="formInlineToPassword"
          >
            <ControlLabel
              bsClass="control-label"
              srOnly={false}
            >
              Gammelt passord
            </ControlLabel>
             
            <FormControl
              bsClass="form-control"
              componentClass="input"
              name="oldPassword"
              onChange={[Function]}
              placeholder="passord"
              type="password"
            />
          </FormGroup>
           
          <FormGroup
            bsClass="form-group"
            controlId="formInlineToPassword"
          >
            <ControlLabel
              bsClass="control-label"
              srOnly={false}
            >
              Nytt passord
            </ControlLabel>
             
            <FormControl
              bsClass="form-control"
              componentClass="input"
              name="newPassword"
              onChange={[Function]}
              placeholder="nytt passord"
              type="password"
            />
          </FormGroup>
           
          <FormGroup
            bsClass="form-group"
            controlId="formInlineToPassword"
          >
            <ControlLabel
              bsClass="control-label"
              srOnly={false}
            >
              Gjenta nytt passord
            </ControlLabel>
             
            <FormControl
              bsClass="form-control"
              componentClass="input"
              name="newPassword2"
              onChange={[Function]}
              placeholder="nytt passord"
              type="password"
            />
          </FormGroup>
           
          <div
            align="right"
          >
            <Button
              active={false}
              block={false}
              bsClass="btn"
              bsStyle="primary"
              disabled={false}
              onClick={[Function]}
            >
              Lagre nytt passord
            </Button>
          </div>
        </Form>,
        "className": "changePassword",
      },
      "ref": null,
      "rendered": Object {
        "instance": null,
        "key": undefined,
        "nodeType": "class",
        "props": Object {
          "bsClass": "form",
          "children": Array [
            <FormGroup
              bsClass="form-group"
              controlId="formInlineToPassword"
            >
              <ControlLabel
                bsClass="control-label"
                srOnly={false}
              >
                Gammelt passord
              </ControlLabel>
               
              <FormControl
                bsClass="form-control"
                componentClass="input"
                name="oldPassword"
                onChange={[Function]}
                placeholder="passord"
                type="password"
              />
            </FormGroup>,
            " ",
            <FormGroup
              bsClass="form-group"
              controlId="formInlineToPassword"
            >
              <ControlLabel
                bsClass="control-label"
                srOnly={false}
              >
                Nytt passord
              </ControlLabel>
               
              <FormControl
                bsClass="form-control"
                componentClass="input"
                name="newPassword"
                onChange={[Function]}
                placeholder="nytt passord"
                type="password"
              />
            </FormGroup>,
            " ",
            <FormGroup
              bsClass="form-group"
              controlId="formInlineToPassword"
            >
              <ControlLabel
                bsClass="control-label"
                srOnly={false}
              >
                Gjenta nytt passord
              </ControlLabel>
               
              <FormControl
                bsClass="form-control"
                componentClass="input"
                name="newPassword2"
                onChange={[Function]}
                placeholder="nytt passord"
                type="password"
              />
            </FormGroup>,
            " ",
            <div
              align="right"
            >
              <Button
                active={false}
                block={false}
                bsClass="btn"
                bsStyle="primary"
                disabled={false}
                onClick={[Function]}
              >
                Lagre nytt passord
              </Button>
            </div>,
          ],
          "componentClass": "form",
          "horizontal": false,
          "inline": false,
        },
        "ref": null,
        "rendered": Array [
          Object {
            "instance": null,
            "key": undefined,
            "nodeType": "class",
            "props": Object {
              "bsClass": "form-group",
              "children": Array [
                <ControlLabel
                  bsClass="control-label"
                  srOnly={false}
                >
                  Gammelt passord
                </ControlLabel>,
                " ",
                <FormControl
                  bsClass="form-control"
                  componentClass="input"
                  name="oldPassword"
                  onChange={[Function]}
                  placeholder="passord"
                  type="password"
                />,
              ],
              "controlId": "formInlineToPassword",
            },
            "ref": null,
            "rendered": Array [
              Object {
                "instance": null,
                "key": undefined,
                "nodeType": "class",
                "props": Object {
                  "bsClass": "control-label",
                  "children": "Gammelt passord",
                  "srOnly": false,
                },
                "ref": null,
                "rendered": "Gammelt passord",
                "type": [Function],
              },
              " ",
              Object {
                "instance": null,
                "key": undefined,
                "nodeType": "class",
                "props": Object {
                  "bsClass": "form-control",
                  "componentClass": "input",
                  "name": "oldPassword",
                  "onChange": [Function],
                  "placeholder": "passord",
                  "type": "password",
                },
                "ref": null,
                "rendered": null,
                "type": [Function],
              },
            ],
            "type": [Function],
          },
          " ",
          Object {
            "instance": null,
            "key": undefined,
            "nodeType": "class",
            "props": Object {
              "bsClass": "form-group",
              "children": Array [
                <ControlLabel
                  bsClass="control-label"
                  srOnly={false}
                >
                  Nytt passord
                </ControlLabel>,
                " ",
                <FormControl
                  bsClass="form-control"
                  componentClass="input"
                  name="newPassword"
                  onChange={[Function]}
                  placeholder="nytt passord"
                  type="password"
                />,
              ],
              "controlId": "formInlineToPassword",
            },
            "ref": null,
            "rendered": Array [
              Object {
                "instance": null,
                "key": undefined,
                "nodeType": "class",
                "props": Object {
                  "bsClass": "control-label",
                  "children": "Nytt passord",
                  "srOnly": false,
                },
                "ref": null,
                "rendered": "Nytt passord",
                "type": [Function],
              },
              " ",
              Object {
                "instance": null,
                "key": undefined,
                "nodeType": "class",
                "props": Object {
                  "bsClass": "form-control",
                  "componentClass": "input",
                  "name": "newPassword",
                  "onChange": [Function],
                  "placeholder": "nytt passord",
                  "type": "password",
                },
                "ref": null,
                "rendered": null,
                "type": [Function],
              },
            ],
            "type": [Function],
          },
          " ",
          Object {
            "instance": null,
            "key": undefined,
            "nodeType": "class",
            "props": Object {
              "bsClass": "form-group",
              "children": Array [
                <ControlLabel
                  bsClass="control-label"
                  srOnly={false}
                >
                  Gjenta nytt passord
                </ControlLabel>,
                " ",
                <FormControl
                  bsClass="form-control"
                  componentClass="input"
                  name="newPassword2"
                  onChange={[Function]}
                  placeholder="nytt passord"
                  type="password"
                />,
              ],
              "controlId": "formInlineToPassword",
            },
            "ref": null,
            "rendered": Array [
              Object {
                "instance": null,
                "key": undefined,
                "nodeType": "class",
                "props": Object {
                  "bsClass": "control-label",
                  "children": "Gjenta nytt passord",
                  "srOnly": false,
                },
                "ref": null,
                "rendered": "Gjenta nytt passord",
                "type": [Function],
              },
              " ",
              Object {
                "instance": null,
                "key": undefined,
                "nodeType": "class",
                "props": Object {
                  "bsClass": "form-control",
                  "componentClass": "input",
                  "name": "newPassword2",
                  "onChange": [Function],
                  "placeholder": "nytt passord",
                  "type": "password",
                },
                "ref": null,
                "rendered": null,
                "type": [Function],
              },
            ],
            "type": [Function],
          },
          " ",
          Object {
            "instance": null,
            "key": undefined,
            "nodeType": "host",
            "props": Object {
              "align": "right",
              "children": <Button
                active={false}
                block={false}
                bsClass="btn"
                bsStyle="primary"
                disabled={false}
                onClick={[Function]}
              >
                Lagre nytt passord
              </Button>,
            },
            "ref": null,
            "rendered": Object {
              "instance": null,
              "key": undefined,
              "nodeType": "class",
              "props": Object {
                "active": false,
                "block": false,
                "bsClass": "btn",
                "bsStyle": "primary",
                "children": "Lagre nytt passord",
                "disabled": false,
                "onClick": [Function],
              },
              "ref": null,
              "rendered": "Lagre nytt passord",
              "type": [Function],
            },
            "type": "div",
          },
        ],
        "type": [Function],
      },
      "type": "div",
    },
  ],
  Symbol(enzyme.__options__): Object {
    "adapter": ReactSixteenAdapter {
      "options": Object {
        "enableComponentDidUpdateOnSetState": true,
        "lifecycles": Object {
          "componentDidUpdate": Object {
            "onSetState": true,
          },
          "getDerivedStateFromProps": true,
          "getSnapshotBeforeUpdate": true,
          "setState": Object {
            "skipsComponentDidUpdateOnNullish": true,
          },
        },
      },
    },
  },
}
`;
