// Jest Snapshot v1, https://goo.gl/fbAQLP

exports[`Test for NotificationSettingsForm component renders correctly 1`] = `
ShallowWrapper {
  Symbol(enzyme.__root__): [Circular],
  Symbol(enzyme.__unrendered__): <NotificationSettingsForm />,
  Symbol(enzyme.__renderer__): Object {
    "batchedUpdates": [Function],
    "getNode": [Function],
    "render": [Function],
    "simulateError": [Function],
    "simulateEvent": [Function],
    "unmount": [Function],
  },
  Symbol(enzyme.__node__): Object {
    "instance": null,
    "key": undefined,
    "nodeType": "host",
    "props": Object {
      "children": <Grid
        bsClass="container"
        componentClass="div"
        fluid={false}
      >
        <h3>
          Velg kategorier du vil har varselmeldinger på:
        </h3>
        <Button
          active={false}
          block={false}
          bsClass="btn"
          bsStyle="primary"
          disabled={false}
          onClick={[Function]}
        >
          Lagre
        </Button>
      </Grid>,
    },
    "ref": null,
    "rendered": Object {
      "instance": null,
      "key": undefined,
      "nodeType": "class",
      "props": Object {
        "bsClass": "container",
        "children": Array [
          <h3>
            Velg kategorier du vil har varselmeldinger på:
          </h3>,
          Array [],
          <Button
            active={false}
            block={false}
            bsClass="btn"
            bsStyle="primary"
            disabled={false}
            onClick={[Function]}
          >
            Lagre
          </Button>,
        ],
        "componentClass": "div",
        "fluid": false,
      },
      "ref": null,
      "rendered": Array [
        Object {
          "instance": null,
          "key": undefined,
          "nodeType": "host",
          "props": Object {
            "children": "Velg kategorier du vil har varselmeldinger på:",
          },
          "ref": null,
          "rendered": "Velg kategorier du vil har varselmeldinger på:",
          "type": "h3",
        },
        Object {
          "instance": null,
          "key": undefined,
          "nodeType": "class",
          "props": Object {
            "active": false,
            "block": false,
            "bsClass": "btn",
            "bsStyle": "primary",
            "children": "Lagre",
            "disabled": false,
            "onClick": [Function],
          },
          "ref": null,
          "rendered": "Lagre",
          "type": [Function],
        },
      ],
      "type": [Function],
    },
    "type": "form",
  },
  Symbol(enzyme.__nodes__): Array [
    Object {
      "instance": null,
      "key": undefined,
      "nodeType": "host",
      "props": Object {
        "children": <Grid
          bsClass="container"
          componentClass="div"
          fluid={false}
        >
          <h3>
            Velg kategorier du vil har varselmeldinger på:
          </h3>
          <Button
            active={false}
            block={false}
            bsClass="btn"
            bsStyle="primary"
            disabled={false}
            onClick={[Function]}
          >
            Lagre
          </Button>
        </Grid>,
      },
      "ref": null,
      "rendered": Object {
        "instance": null,
        "key": undefined,
        "nodeType": "class",
        "props": Object {
          "bsClass": "container",
          "children": Array [
            <h3>
              Velg kategorier du vil har varselmeldinger på:
            </h3>,
            Array [],
            <Button
              active={false}
              block={false}
              bsClass="btn"
              bsStyle="primary"
              disabled={false}
              onClick={[Function]}
            >
              Lagre
            </Button>,
          ],
          "componentClass": "div",
          "fluid": false,
        },
        "ref": null,
        "rendered": Array [
          Object {
            "instance": null,
            "key": undefined,
            "nodeType": "host",
            "props": Object {
              "children": "Velg kategorier du vil har varselmeldinger på:",
            },
            "ref": null,
            "rendered": "Velg kategorier du vil har varselmeldinger på:",
            "type": "h3",
          },
          Object {
            "instance": null,
            "key": undefined,
            "nodeType": "class",
            "props": Object {
              "active": false,
              "block": false,
              "bsClass": "btn",
              "bsStyle": "primary",
              "children": "Lagre",
              "disabled": false,
              "onClick": [Function],
            },
            "ref": null,
            "rendered": "Lagre",
            "type": [Function],
          },
        ],
        "type": [Function],
      },
      "type": "form",
    },
  ],
  Symbol(enzyme.__options__): Object {
    "adapter": ReactSixteenAdapter {
      "options": Object {
        "enableComponentDidUpdateOnSetState": true,
        "lifecycles": Object {
          "componentDidUpdate": Object {
            "onSetState": true,
          },
          "getDerivedStateFromProps": true,
          "getSnapshotBeforeUpdate": true,
          "setState": Object {
            "skipsComponentDidUpdateOnNullish": true,
          },
        },
      },
    },
  },
}
`;
