// Jest Snapshot v1, https://goo.gl/fbAQLP

exports[`Test for NotificationSettingsMyCountiesForm component renders correctly 1`] = `
ShallowWrapper {
  Symbol(enzyme.__root__): [Circular],
  Symbol(enzyme.__unrendered__): <NotificationSettingsMyCountiesForm />,
  Symbol(enzyme.__renderer__): Object {
    "batchedUpdates": [Function],
    "getNode": [Function],
    "render": [Function],
    "simulateError": [Function],
    "simulateEvent": [Function],
    "unmount": [Function],
  },
  Symbol(enzyme.__node__): Object {
    "instance": null,
    "key": undefined,
    "nodeType": "class",
    "props": Object {
      "bsClass": "container",
      "children": <form>
        <Col
          bsClass="col"
          componentClass="div"
        >
          <h3>
            Velg en kommune for å vise varselinnstillinger:
          </h3>
          <ListGroup
            bsClass="list-group"
          />
        </Col>
        <Col
          bsClass="col"
          componentClass="div"
          lg={6}
          md={6}
          sm={6}
          xs={6}
        >
          <Button
            active={false}
            align="left"
            block={false}
            bsClass="btn"
            bsStyle="primary"
            disabled={false}
            id="countySubButton"
            onClick={[Function]}
          >
            <span>
              Legg til kommuner
            </span>
          </Button>
        </Col>
        <Col
          align="right"
          bsClass="col"
          componentClass="div"
          lg={6}
          md={6}
          sm={6}
          xs={6}
        >
          <Button
            active={false}
            block={false}
            bsClass="btn"
            bsStyle="primary"
            disabled={false}
            onClick={[Function]}
          >
            Lagre endringer
          </Button>
        </Col>
      </form>,
      "componentClass": "div",
      "fluid": false,
    },
    "ref": null,
    "rendered": Object {
      "instance": null,
      "key": undefined,
      "nodeType": "host",
      "props": Object {
        "children": Array [
          <Col
            bsClass="col"
            componentClass="div"
          >
            <h3>
              Velg en kommune for å vise varselinnstillinger:
            </h3>
            <ListGroup
              bsClass="list-group"
            />
          </Col>,
          <Col
            bsClass="col"
            componentClass="div"
            lg={6}
            md={6}
            sm={6}
            xs={6}
          >
            <Button
              active={false}
              align="left"
              block={false}
              bsClass="btn"
              bsStyle="primary"
              disabled={false}
              id="countySubButton"
              onClick={[Function]}
            >
              <span>
                Legg til kommuner
              </span>
            </Button>
          </Col>,
          <Col
            align="right"
            bsClass="col"
            componentClass="div"
            lg={6}
            md={6}
            sm={6}
            xs={6}
          >
            <Button
              active={false}
              block={false}
              bsClass="btn"
              bsStyle="primary"
              disabled={false}
              onClick={[Function]}
            >
              Lagre endringer
            </Button>
          </Col>,
        ],
      },
      "ref": null,
      "rendered": Array [
        Object {
          "instance": null,
          "key": undefined,
          "nodeType": "class",
          "props": Object {
            "bsClass": "col",
            "children": Array [
              <h3>
                Velg en kommune for å vise varselinnstillinger:
              </h3>,
              <ListGroup
                bsClass="list-group"
              />,
            ],
            "componentClass": "div",
          },
          "ref": null,
          "rendered": Array [
            Object {
              "instance": null,
              "key": undefined,
              "nodeType": "host",
              "props": Object {
                "children": "Velg en kommune for å vise varselinnstillinger:",
              },
              "ref": null,
              "rendered": "Velg en kommune for å vise varselinnstillinger:",
              "type": "h3",
            },
            Object {
              "instance": null,
              "key": undefined,
              "nodeType": "class",
              "props": Object {
                "bsClass": "list-group",
                "children": Array [],
              },
              "ref": null,
              "rendered": Array [],
              "type": [Function],
            },
          ],
          "type": [Function],
        },
        Object {
          "instance": null,
          "key": undefined,
          "nodeType": "class",
          "props": Object {
            "bsClass": "col",
            "children": <Button
              active={false}
              align="left"
              block={false}
              bsClass="btn"
              bsStyle="primary"
              disabled={false}
              id="countySubButton"
              onClick={[Function]}
            >
              <span>
                Legg til kommuner
              </span>
            </Button>,
            "componentClass": "div",
            "lg": 6,
            "md": 6,
            "sm": 6,
            "xs": 6,
          },
          "ref": null,
          "rendered": Object {
            "instance": null,
            "key": undefined,
            "nodeType": "class",
            "props": Object {
              "active": false,
              "align": "left",
              "block": false,
              "bsClass": "btn",
              "bsStyle": "primary",
              "children": <span>
                Legg til kommuner
              </span>,
              "disabled": false,
              "id": "countySubButton",
              "onClick": [Function],
            },
            "ref": null,
            "rendered": Object {
              "instance": null,
              "key": undefined,
              "nodeType": "host",
              "props": Object {
                "children": "Legg til kommuner",
              },
              "ref": null,
              "rendered": "Legg til kommuner",
              "type": "span",
            },
            "type": [Function],
          },
          "type": [Function],
        },
        Object {
          "instance": null,
          "key": undefined,
          "nodeType": "class",
          "props": Object {
            "align": "right",
            "bsClass": "col",
            "children": <Button
              active={false}
              block={false}
              bsClass="btn"
              bsStyle="primary"
              disabled={false}
              onClick={[Function]}
            >
              Lagre endringer
            </Button>,
            "componentClass": "div",
            "lg": 6,
            "md": 6,
            "sm": 6,
            "xs": 6,
          },
          "ref": null,
          "rendered": Object {
            "instance": null,
            "key": undefined,
            "nodeType": "class",
            "props": Object {
              "active": false,
              "block": false,
              "bsClass": "btn",
              "bsStyle": "primary",
              "children": "Lagre endringer",
              "disabled": false,
              "onClick": [Function],
            },
            "ref": null,
            "rendered": "Lagre endringer",
            "type": [Function],
          },
          "type": [Function],
        },
      ],
      "type": "form",
    },
    "type": [Function],
  },
  Symbol(enzyme.__nodes__): Array [
    Object {
      "instance": null,
      "key": undefined,
      "nodeType": "class",
      "props": Object {
        "bsClass": "container",
        "children": <form>
          <Col
            bsClass="col"
            componentClass="div"
          >
            <h3>
              Velg en kommune for å vise varselinnstillinger:
            </h3>
            <ListGroup
              bsClass="list-group"
            />
          </Col>
          <Col
            bsClass="col"
            componentClass="div"
            lg={6}
            md={6}
            sm={6}
            xs={6}
          >
            <Button
              active={false}
              align="left"
              block={false}
              bsClass="btn"
              bsStyle="primary"
              disabled={false}
              id="countySubButton"
              onClick={[Function]}
            >
              <span>
                Legg til kommuner
              </span>
            </Button>
          </Col>
          <Col
            align="right"
            bsClass="col"
            componentClass="div"
            lg={6}
            md={6}
            sm={6}
            xs={6}
          >
            <Button
              active={false}
              block={false}
              bsClass="btn"
              bsStyle="primary"
              disabled={false}
              onClick={[Function]}
            >
              Lagre endringer
            </Button>
          </Col>
        </form>,
        "componentClass": "div",
        "fluid": false,
      },
      "ref": null,
      "rendered": Object {
        "instance": null,
        "key": undefined,
        "nodeType": "host",
        "props": Object {
          "children": Array [
            <Col
              bsClass="col"
              componentClass="div"
            >
              <h3>
                Velg en kommune for å vise varselinnstillinger:
              </h3>
              <ListGroup
                bsClass="list-group"
              />
            </Col>,
            <Col
              bsClass="col"
              componentClass="div"
              lg={6}
              md={6}
              sm={6}
              xs={6}
            >
              <Button
                active={false}
                align="left"
                block={false}
                bsClass="btn"
                bsStyle="primary"
                disabled={false}
                id="countySubButton"
                onClick={[Function]}
              >
                <span>
                  Legg til kommuner
                </span>
              </Button>
            </Col>,
            <Col
              align="right"
              bsClass="col"
              componentClass="div"
              lg={6}
              md={6}
              sm={6}
              xs={6}
            >
              <Button
                active={false}
                block={false}
                bsClass="btn"
                bsStyle="primary"
                disabled={false}
                onClick={[Function]}
              >
                Lagre endringer
              </Button>
            </Col>,
          ],
        },
        "ref": null,
        "rendered": Array [
          Object {
            "instance": null,
            "key": undefined,
            "nodeType": "class",
            "props": Object {
              "bsClass": "col",
              "children": Array [
                <h3>
                  Velg en kommune for å vise varselinnstillinger:
                </h3>,
                <ListGroup
                  bsClass="list-group"
                />,
              ],
              "componentClass": "div",
            },
            "ref": null,
            "rendered": Array [
              Object {
                "instance": null,
                "key": undefined,
                "nodeType": "host",
                "props": Object {
                  "children": "Velg en kommune for å vise varselinnstillinger:",
                },
                "ref": null,
                "rendered": "Velg en kommune for å vise varselinnstillinger:",
                "type": "h3",
              },
              Object {
                "instance": null,
                "key": undefined,
                "nodeType": "class",
                "props": Object {
                  "bsClass": "list-group",
                  "children": Array [],
                },
                "ref": null,
                "rendered": Array [],
                "type": [Function],
              },
            ],
            "type": [Function],
          },
          Object {
            "instance": null,
            "key": undefined,
            "nodeType": "class",
            "props": Object {
              "bsClass": "col",
              "children": <Button
                active={false}
                align="left"
                block={false}
                bsClass="btn"
                bsStyle="primary"
                disabled={false}
                id="countySubButton"
                onClick={[Function]}
              >
                <span>
                  Legg til kommuner
                </span>
              </Button>,
              "componentClass": "div",
              "lg": 6,
              "md": 6,
              "sm": 6,
              "xs": 6,
            },
            "ref": null,
            "rendered": Object {
              "instance": null,
              "key": undefined,
              "nodeType": "class",
              "props": Object {
                "active": false,
                "align": "left",
                "block": false,
                "bsClass": "btn",
                "bsStyle": "primary",
                "children": <span>
                  Legg til kommuner
                </span>,
                "disabled": false,
                "id": "countySubButton",
                "onClick": [Function],
              },
              "ref": null,
              "rendered": Object {
                "instance": null,
                "key": undefined,
                "nodeType": "host",
                "props": Object {
                  "children": "Legg til kommuner",
                },
                "ref": null,
                "rendered": "Legg til kommuner",
                "type": "span",
              },
              "type": [Function],
            },
            "type": [Function],
          },
          Object {
            "instance": null,
            "key": undefined,
            "nodeType": "class",
            "props": Object {
              "align": "right",
              "bsClass": "col",
              "children": <Button
                active={false}
                block={false}
                bsClass="btn"
                bsStyle="primary"
                disabled={false}
                onClick={[Function]}
              >
                Lagre endringer
              </Button>,
              "componentClass": "div",
              "lg": 6,
              "md": 6,
              "sm": 6,
              "xs": 6,
            },
            "ref": null,
            "rendered": Object {
              "instance": null,
              "key": undefined,
              "nodeType": "class",
              "props": Object {
                "active": false,
                "block": false,
                "bsClass": "btn",
                "bsStyle": "primary",
                "children": "Lagre endringer",
                "disabled": false,
                "onClick": [Function],
              },
              "ref": null,
              "rendered": "Lagre endringer",
              "type": [Function],
            },
            "type": [Function],
          },
        ],
        "type": "form",
      },
      "type": [Function],
    },
  ],
  Symbol(enzyme.__options__): Object {
    "adapter": ReactSixteenAdapter {
      "options": Object {
        "enableComponentDidUpdateOnSetState": true,
        "lifecycles": Object {
          "componentDidUpdate": Object {
            "onSetState": true,
          },
          "getDerivedStateFromProps": true,
          "getSnapshotBeforeUpdate": true,
          "setState": Object {
            "skipsComponentDidUpdateOnNullish": true,
          },
        },
      },
    },
  },
}
`;
