// Jest Snapshot v1, https://goo.gl/fbAQLP

exports[`Test for RegNew component renders correctly 1`] = `
ShallowWrapper {
  Symbol(enzyme.__root__): [Circular],
  Symbol(enzyme.__unrendered__): <RegNew />,
  Symbol(enzyme.__renderer__): Object {
    "batchedUpdates": [Function],
    "getNode": [Function],
    "render": [Function],
    "simulateError": [Function],
    "simulateEvent": [Function],
    "unmount": [Function],
  },
  Symbol(enzyme.__node__): Object {
    "instance": null,
    "key": undefined,
    "nodeType": "class",
    "props": Object {
      "bsClass": "container",
      "children": Array [
        <Col
          bsClass="col"
          componentClass="div"
          md={3}
        />,
        <Col
          bsClass="col"
          componentClass="div"
          md={6}
        >
          <Col
            bsClass="col"
            componentClass="div"
            md={12}
          >
            <PageHeader
              bsClass="page-header"
            >
              Bruker ble registrert!
              <small>
                Email med passord er sendt
              </small>
            </PageHeader>
          </Col>
          <Col
            bsClass="col"
            componentClass="div"
            md={12}
          />
          <Col
            bsClass="col"
            componentClass="div"
            md={12}
          >
            <Button
              active={false}
              block={false}
              bsClass="btn"
              bsStyle="default"
              disabled={false}
              onClick={[Function]}
              type="button"
            >
              Lag ny admin
            </Button>
            <Button
              active={false}
              block={false}
              bsClass="btn"
              bsStyle="default"
              disabled={false}
              onClick={[Function]}
              type="button"
            >
              Lag ny kommuneansatt
            </Button>
            <Button
              active={false}
              block={false}
              bsClass="btn"
              bsStyle="default"
              disabled={false}
              onClick={[Function]}
              type="button"
            >
              Gå til min side
            </Button>
          </Col>
        </Col>,
        <Col
          bsClass="col"
          componentClass="div"
          md={3}
        />,
      ],
      "componentClass": "div",
      "fluid": false,
    },
    "ref": null,
    "rendered": Array [
      Object {
        "instance": null,
        "key": undefined,
        "nodeType": "class",
        "props": Object {
          "bsClass": "col",
          "componentClass": "div",
          "md": 3,
        },
        "ref": null,
        "rendered": null,
        "type": [Function],
      },
      Object {
        "instance": null,
        "key": undefined,
        "nodeType": "class",
        "props": Object {
          "bsClass": "col",
          "children": Array [
            <Col
              bsClass="col"
              componentClass="div"
              md={12}
            >
              <PageHeader
                bsClass="page-header"
              >
                Bruker ble registrert!
                <small>
                  Email med passord er sendt
                </small>
              </PageHeader>
            </Col>,
            <Col
              bsClass="col"
              componentClass="div"
              md={12}
            />,
            <Col
              bsClass="col"
              componentClass="div"
              md={12}
            >
              <Button
                active={false}
                block={false}
                bsClass="btn"
                bsStyle="default"
                disabled={false}
                onClick={[Function]}
                type="button"
              >
                Lag ny admin
              </Button>
              <Button
                active={false}
                block={false}
                bsClass="btn"
                bsStyle="default"
                disabled={false}
                onClick={[Function]}
                type="button"
              >
                Lag ny kommuneansatt
              </Button>
              <Button
                active={false}
                block={false}
                bsClass="btn"
                bsStyle="default"
                disabled={false}
                onClick={[Function]}
                type="button"
              >
                Gå til min side
              </Button>
            </Col>,
          ],
          "componentClass": "div",
          "md": 6,
        },
        "ref": null,
        "rendered": Array [
          Object {
            "instance": null,
            "key": undefined,
            "nodeType": "class",
            "props": Object {
              "bsClass": "col",
              "children": <PageHeader
                bsClass="page-header"
              >
                Bruker ble registrert!
                <small>
                  Email med passord er sendt
                </small>
              </PageHeader>,
              "componentClass": "div",
              "md": 12,
            },
            "ref": null,
            "rendered": Object {
              "instance": null,
              "key": undefined,
              "nodeType": "class",
              "props": Object {
                "bsClass": "page-header",
                "children": Array [
                  "Bruker ble registrert!",
                  <small>
                    Email med passord er sendt
                  </small>,
                ],
              },
              "ref": null,
              "rendered": Array [
                "Bruker ble registrert!",
                Object {
                  "instance": null,
                  "key": undefined,
                  "nodeType": "host",
                  "props": Object {
                    "children": "Email med passord er sendt",
                  },
                  "ref": null,
                  "rendered": "Email med passord er sendt",
                  "type": "small",
                },
              ],
              "type": [Function],
            },
            "type": [Function],
          },
          Object {
            "instance": null,
            "key": undefined,
            "nodeType": "class",
            "props": Object {
              "bsClass": "col",
              "componentClass": "div",
              "md": 12,
            },
            "ref": null,
            "rendered": null,
            "type": [Function],
          },
          Object {
            "instance": null,
            "key": undefined,
            "nodeType": "class",
            "props": Object {
              "bsClass": "col",
              "children": Array [
                <Button
                  active={false}
                  block={false}
                  bsClass="btn"
                  bsStyle="default"
                  disabled={false}
                  onClick={[Function]}
                  type="button"
                >
                  Lag ny admin
                </Button>,
                <Button
                  active={false}
                  block={false}
                  bsClass="btn"
                  bsStyle="default"
                  disabled={false}
                  onClick={[Function]}
                  type="button"
                >
                  Lag ny kommuneansatt
                </Button>,
                <Button
                  active={false}
                  block={false}
                  bsClass="btn"
                  bsStyle="default"
                  disabled={false}
                  onClick={[Function]}
                  type="button"
                >
                  Gå til min side
                </Button>,
              ],
              "componentClass": "div",
              "md": 12,
            },
            "ref": null,
            "rendered": Array [
              Object {
                "instance": null,
                "key": undefined,
                "nodeType": "class",
                "props": Object {
                  "active": false,
                  "block": false,
                  "bsClass": "btn",
                  "bsStyle": "default",
                  "children": "Lag ny admin",
                  "disabled": false,
                  "onClick": [Function],
                  "type": "button",
                },
                "ref": null,
                "rendered": "Lag ny admin",
                "type": [Function],
              },
              Object {
                "instance": null,
                "key": undefined,
                "nodeType": "class",
                "props": Object {
                  "active": false,
                  "block": false,
                  "bsClass": "btn",
                  "bsStyle": "default",
                  "children": "Lag ny kommuneansatt",
                  "disabled": false,
                  "onClick": [Function],
                  "type": "button",
                },
                "ref": null,
                "rendered": "Lag ny kommuneansatt",
                "type": [Function],
              },
              Object {
                "instance": null,
                "key": undefined,
                "nodeType": "class",
                "props": Object {
                  "active": false,
                  "block": false,
                  "bsClass": "btn",
                  "bsStyle": "default",
                  "children": "Gå til min side",
                  "disabled": false,
                  "onClick": [Function],
                  "type": "button",
                },
                "ref": null,
                "rendered": "Gå til min side",
                "type": [Function],
              },
            ],
            "type": [Function],
          },
        ],
        "type": [Function],
      },
      Object {
        "instance": null,
        "key": undefined,
        "nodeType": "class",
        "props": Object {
          "bsClass": "col",
          "componentClass": "div",
          "md": 3,
        },
        "ref": null,
        "rendered": null,
        "type": [Function],
      },
    ],
    "type": [Function],
  },
  Symbol(enzyme.__nodes__): Array [
    Object {
      "instance": null,
      "key": undefined,
      "nodeType": "class",
      "props": Object {
        "bsClass": "container",
        "children": Array [
          <Col
            bsClass="col"
            componentClass="div"
            md={3}
          />,
          <Col
            bsClass="col"
            componentClass="div"
            md={6}
          >
            <Col
              bsClass="col"
              componentClass="div"
              md={12}
            >
              <PageHeader
                bsClass="page-header"
              >
                Bruker ble registrert!
                <small>
                  Email med passord er sendt
                </small>
              </PageHeader>
            </Col>
            <Col
              bsClass="col"
              componentClass="div"
              md={12}
            />
            <Col
              bsClass="col"
              componentClass="div"
              md={12}
            >
              <Button
                active={false}
                block={false}
                bsClass="btn"
                bsStyle="default"
                disabled={false}
                onClick={[Function]}
                type="button"
              >
                Lag ny admin
              </Button>
              <Button
                active={false}
                block={false}
                bsClass="btn"
                bsStyle="default"
                disabled={false}
                onClick={[Function]}
                type="button"
              >
                Lag ny kommuneansatt
              </Button>
              <Button
                active={false}
                block={false}
                bsClass="btn"
                bsStyle="default"
                disabled={false}
                onClick={[Function]}
                type="button"
              >
                Gå til min side
              </Button>
            </Col>
          </Col>,
          <Col
            bsClass="col"
            componentClass="div"
            md={3}
          />,
        ],
        "componentClass": "div",
        "fluid": false,
      },
      "ref": null,
      "rendered": Array [
        Object {
          "instance": null,
          "key": undefined,
          "nodeType": "class",
          "props": Object {
            "bsClass": "col",
            "componentClass": "div",
            "md": 3,
          },
          "ref": null,
          "rendered": null,
          "type": [Function],
        },
        Object {
          "instance": null,
          "key": undefined,
          "nodeType": "class",
          "props": Object {
            "bsClass": "col",
            "children": Array [
              <Col
                bsClass="col"
                componentClass="div"
                md={12}
              >
                <PageHeader
                  bsClass="page-header"
                >
                  Bruker ble registrert!
                  <small>
                    Email med passord er sendt
                  </small>
                </PageHeader>
              </Col>,
              <Col
                bsClass="col"
                componentClass="div"
                md={12}
              />,
              <Col
                bsClass="col"
                componentClass="div"
                md={12}
              >
                <Button
                  active={false}
                  block={false}
                  bsClass="btn"
                  bsStyle="default"
                  disabled={false}
                  onClick={[Function]}
                  type="button"
                >
                  Lag ny admin
                </Button>
                <Button
                  active={false}
                  block={false}
                  bsClass="btn"
                  bsStyle="default"
                  disabled={false}
                  onClick={[Function]}
                  type="button"
                >
                  Lag ny kommuneansatt
                </Button>
                <Button
                  active={false}
                  block={false}
                  bsClass="btn"
                  bsStyle="default"
                  disabled={false}
                  onClick={[Function]}
                  type="button"
                >
                  Gå til min side
                </Button>
              </Col>,
            ],
            "componentClass": "div",
            "md": 6,
          },
          "ref": null,
          "rendered": Array [
            Object {
              "instance": null,
              "key": undefined,
              "nodeType": "class",
              "props": Object {
                "bsClass": "col",
                "children": <PageHeader
                  bsClass="page-header"
                >
                  Bruker ble registrert!
                  <small>
                    Email med passord er sendt
                  </small>
                </PageHeader>,
                "componentClass": "div",
                "md": 12,
              },
              "ref": null,
              "rendered": Object {
                "instance": null,
                "key": undefined,
                "nodeType": "class",
                "props": Object {
                  "bsClass": "page-header",
                  "children": Array [
                    "Bruker ble registrert!",
                    <small>
                      Email med passord er sendt
                    </small>,
                  ],
                },
                "ref": null,
                "rendered": Array [
                  "Bruker ble registrert!",
                  Object {
                    "instance": null,
                    "key": undefined,
                    "nodeType": "host",
                    "props": Object {
                      "children": "Email med passord er sendt",
                    },
                    "ref": null,
                    "rendered": "Email med passord er sendt",
                    "type": "small",
                  },
                ],
                "type": [Function],
              },
              "type": [Function],
            },
            Object {
              "instance": null,
              "key": undefined,
              "nodeType": "class",
              "props": Object {
                "bsClass": "col",
                "componentClass": "div",
                "md": 12,
              },
              "ref": null,
              "rendered": null,
              "type": [Function],
            },
            Object {
              "instance": null,
              "key": undefined,
              "nodeType": "class",
              "props": Object {
                "bsClass": "col",
                "children": Array [
                  <Button
                    active={false}
                    block={false}
                    bsClass="btn"
                    bsStyle="default"
                    disabled={false}
                    onClick={[Function]}
                    type="button"
                  >
                    Lag ny admin
                  </Button>,
                  <Button
                    active={false}
                    block={false}
                    bsClass="btn"
                    bsStyle="default"
                    disabled={false}
                    onClick={[Function]}
                    type="button"
                  >
                    Lag ny kommuneansatt
                  </Button>,
                  <Button
                    active={false}
                    block={false}
                    bsClass="btn"
                    bsStyle="default"
                    disabled={false}
                    onClick={[Function]}
                    type="button"
                  >
                    Gå til min side
                  </Button>,
                ],
                "componentClass": "div",
                "md": 12,
              },
              "ref": null,
              "rendered": Array [
                Object {
                  "instance": null,
                  "key": undefined,
                  "nodeType": "class",
                  "props": Object {
                    "active": false,
                    "block": false,
                    "bsClass": "btn",
                    "bsStyle": "default",
                    "children": "Lag ny admin",
                    "disabled": false,
                    "onClick": [Function],
                    "type": "button",
                  },
                  "ref": null,
                  "rendered": "Lag ny admin",
                  "type": [Function],
                },
                Object {
                  "instance": null,
                  "key": undefined,
                  "nodeType": "class",
                  "props": Object {
                    "active": false,
                    "block": false,
                    "bsClass": "btn",
                    "bsStyle": "default",
                    "children": "Lag ny kommuneansatt",
                    "disabled": false,
                    "onClick": [Function],
                    "type": "button",
                  },
                  "ref": null,
                  "rendered": "Lag ny kommuneansatt",
                  "type": [Function],
                },
                Object {
                  "instance": null,
                  "key": undefined,
                  "nodeType": "class",
                  "props": Object {
                    "active": false,
                    "block": false,
                    "bsClass": "btn",
                    "bsStyle": "default",
                    "children": "Gå til min side",
                    "disabled": false,
                    "onClick": [Function],
                    "type": "button",
                  },
                  "ref": null,
                  "rendered": "Gå til min side",
                  "type": [Function],
                },
              ],
              "type": [Function],
            },
          ],
          "type": [Function],
        },
        Object {
          "instance": null,
          "key": undefined,
          "nodeType": "class",
          "props": Object {
            "bsClass": "col",
            "componentClass": "div",
            "md": 3,
          },
          "ref": null,
          "rendered": null,
          "type": [Function],
        },
      ],
      "type": [Function],
    },
  ],
  Symbol(enzyme.__options__): Object {
    "adapter": ReactSixteenAdapter {
      "options": Object {
        "enableComponentDidUpdateOnSetState": true,
        "lifecycles": Object {
          "componentDidUpdate": Object {
            "onSetState": true,
          },
          "getDerivedStateFromProps": true,
          "getSnapshotBeforeUpdate": true,
          "setState": Object {
            "skipsComponentDidUpdateOnNullish": true,
          },
        },
      },
    },
  },
}
`;
